#
# There is insufficient memory for the Java Runtime Environment to continue.
# Native memory allocation (malloc) failed to allocate 74816 bytes for Chunk::new
# Possible reasons:
#   The system is out of physical RAM or swap space
#   The process is running with CompressedOops enabled, and the Java Heap may be blocking the growth of the native heap
# Possible solutions:
#   Reduce memory load on the system
#   Increase physical memory or swap space
#   Check if swap backing store is full
#   Decrease Java heap size (-Xmx/-Xms)
#   Decrease number of Java threads
#   Decrease Java thread stack sizes (-Xss)
#   Set larger code cache with -XX:ReservedCodeCacheSize=
#   JVM is running with Unscaled Compressed Oops mode in which the Java heap is
#     placed in the first 4GB address space. The Java Heap base address is the
#     maximum limit for the native heap growth. Please use -XX:HeapBaseMinAddress
#     to set the Java Heap base and to place the Java Heap above 4GB virtual address.
# This output file may be truncated or incomplete.
#
#  Out of Memory Error (arena.cpp:189), pid=11816, tid=6708
#
# JRE version: Java(TM) SE Runtime Environment (17.0.12+8) (build 17.0.12+8-LTS-286)
# Java VM: Java HotSpot(TM) 64-Bit Server VM (17.0.12+8-LTS-286, mixed mode, sharing, tiered, compressed oops, compressed class ptrs, g1 gc, windows-amd64)
# No core dump will be written. Minidumps are not enabled by default on client versions of Windows
#

---------------  S U M M A R Y ------------

Command Line: -Xmx64m -Xms64m -Dorg.gradle.appname=gradlew C:\Users\Admin\OneDrive\Desktop\TaskApp\android\\gradle\wrapper\gradle-wrapper.jar app:installDebug -PreactNativeDevServerPort=8081

Host: AMD Ryzen 5 4600H with Radeon Graphics         , 12 cores, 15G,  Windows 11 , 64 bit Build 26100 (10.0.26100.9168)
Time: Thu Aug 13 04:27:12 2026 India Standard Time elapsed time: 7.635178 seconds (0d 0h 0m 7s)

---------------  T H R E A D  ---------------

Current thread (0x000002e1fd50ef50):  JavaThread "C2 CompilerThread0" daemon [_thread_in_native, id=6708, stack(0x000000f062800000,0x000000f062900000)]


Current CompileTask:
C2:   7635 1183       4       java.lang.String::replace (42 bytes)

Stack: [0x000000f062800000,0x000000f062900000]
Native frames: (J=compiled Java code, j=interpreted, Vv=VM code, C=native code)
V  [jvm.dll+0x67a04a]
V  [jvm.dll+0x7da4ed]
V  [jvm.dll+0x7dbe33]
V  [jvm.dll+0x7dc4a3]
V  [jvm.dll+0x24508f]
V  [jvm.dll+0xab773]
V  [jvm.dll+0xabd3c]
V  [jvm.dll+0x2aa52f]
V  [jvm.dll+0x581eb9]
V  [jvm.dll+0x21f422]
V  [jvm.dll+0x2184c2]
V  [jvm.dll+0x215b65]
V  [jvm.dll+0x1a2960]
V  [jvm.dll+0x22610b]
V  [jvm.dll+0x2242ab]
V  [jvm.dll+0x79075c]
V  [jvm.dll+0x78abea]
V  [jvm.dll+0x678f35]
C  [ucrtbase.dll+0x2cd30]
C  [KERNEL32.DLL+0x2ccb7]
C  [ntdll.dll+0xaad6c]


---------------  P R O C E S S  ---------------

Threads class SMR info:
_java_thread_list=0x000002e1fec7d750, length=13, elements={
0x000002e1e3931850, 0x000002e1e39ec7c0, 0x000002e1e39edef0, 0x000002e1fd503010,
0x000002e1fd5058f0, 0x000002e1fd506e20, 0x000002e1fd50a360, 0x000002e1fd50ef50,
0x000002e1fd522520, 0x000002e1fd522e30, 0x000002e1fd76a630, 0x000002e1fd76ece0,
0x000002e1fecab390
}

Java Threads: ( => current thread )
  0x000002e1e3931850 JavaThread "main" [_thread_in_native, id=8216, stack(0x000000f061b00000,0x000000f061c00000)]
  0x000002e1e39ec7c0 JavaThread "Reference Handler" daemon [_thread_blocked, id=15072, stack(0x000000f062200000,0x000000f062300000)]
  0x000002e1e39edef0 JavaThread "Finalizer" daemon [_thread_blocked, id=19104, stack(0x000000f062300000,0x000000f062400000)]
  0x000002e1fd503010 JavaThread "Signal Dispatcher" daemon [_thread_blocked, id=4116, stack(0x000000f062400000,0x000000f062500000)]
  0x000002e1fd5058f0 JavaThread "Attach Listener" daemon [_thread_blocked, id=19244, stack(0x000000f062500000,0x000000f062600000)]
  0x000002e1fd506e20 JavaThread "Service Thread" daemon [_thread_blocked, id=9188, stack(0x000000f062600000,0x000000f062700000)]
  0x000002e1fd50a360 JavaThread "Monitor Deflation Thread" daemon [_thread_blocked, id=20420, stack(0x000000f062700000,0x000000f062800000)]
=>0x000002e1fd50ef50 JavaThread "C2 CompilerThread0" daemon [_thread_in_native, id=6708, stack(0x000000f062800000,0x000000f062900000)]
  0x000002e1fd522520 JavaThread "C1 CompilerThread0" daemon [_thread_blocked, id=18464, stack(0x000000f062900000,0x000000f062a00000)]
  0x000002e1fd522e30 JavaThread "Sweeper thread" daemon [_thread_blocked, id=19584, stack(0x000000f062a00000,0x000000f062b00000)]
  0x000002e1fd76a630 JavaThread "Notification Thread" daemon [_thread_blocked, id=17756, stack(0x000000f062b00000,0x000000f062c00000)]
  0x000002e1fd76ece0 JavaThread "Common-Cleaner" daemon [_thread_blocked, id=6072, stack(0x000000f062d00000,0x000000f062e00000)]
  0x000002e1fecab390 JavaThread "pool-1-thread-1" [_thread_blocked, id=10420, stack(0x000000f062e00000,0x000000f062f00000)]

Other Threads:
  0x000002e1e39e4950 VMThread "VM Thread" [stack: 0x000000f062100000,0x000000f062200000] [id=10624]
  0x000002e1e39625a0 WatcherThread [stack: 0x000000f062c00000,0x000000f062d00000] [id=4252]
  0x000002e1e3953590 GCTaskThread "GC Thread#0" [stack: 0x000000f061c00000,0x000000f061d00000] [id=8020]
  0x000002e1fe773720 GCTaskThread "GC Thread#1" [stack: 0x000000f063000000,0x000000f063100000] [id=2244]
  0x000002e1fea0b020 GCTaskThread "GC Thread#2" [stack: 0x000000f063100000,0x000000f063200000] [id=8784]
  0x000002e1fe34b050 GCTaskThread "GC Thread#3" [stack: 0x000000f063200000,0x000000f063300000] [id=6228]
  0x000002e1feec0be0 GCTaskThread "GC Thread#4" [stack: 0x000000f063300000,0x000000f063400000] [id=13660]
  0x000002e1fe1dc9b0 GCTaskThread "GC Thread#5" [stack: 0x000000f063400000,0x000000f063500000] [id=19776]
  0x000002e1e3956cf0 ConcurrentGCThread "G1 Main Marker" [stack: 0x000000f061d00000,0x000000f061e00000] [id=13212]
  0x000002e1e39593e0 ConcurrentGCThread "G1 Conc#0" [stack: 0x000000f061e00000,0x000000f061f00000] [id=19268]
  0x000002e1e39c8e50 ConcurrentGCThread "G1 Refine#0" [stack: 0x000000f061f00000,0x000000f062000000] [id=9492]
  0x000002e1e39c9880 ConcurrentGCThread "G1 Service" [stack: 0x000000f062000000,0x000000f062100000] [id=8240]

Threads with active compile tasks:
C2 CompilerThread0     7654 1183       4       java.lang.String::replace (42 bytes)

VM state: not at safepoint (normal execution)

VM Mutex/Monitor currently owned by a thread: None

Heap address: 0x00000000fc000000, size: 64 MB, Compressed Oops mode: 32-bit

CDS archive(s) mapped at: [0x000002e180000000-0x000002e180bd0000-0x000002e180bd0000), size 12386304, SharedBaseAddress: 0x000002e180000000, ArchiveRelocationMode: 1.
Compressed class space mapped at: 0x000002e181000000-0x000002e1c1000000, reserved size: 1073741824
Narrow klass base: 0x000002e180000000, Narrow klass shift: 0, Narrow klass range: 0x100000000

GC Precious Log:
 CPUs: 12 total, 12 available
 Memory: 15789M
 Large Page Support: Disabled
 NUMA Support: Disabled
 Compressed Oops: Enabled (32-bit)
 Heap Region Size: 1M
 Heap Min Capacity: 64M
 Heap Initial Capacity: 64M
 Heap Max Capacity: 64M
 Pre-touch: Disabled
 Parallel Workers: 10
 Concurrent Workers: 3
 Concurrent Refinement Workers: 10
 Periodic GC: Disabled

Heap:
 garbage-first heap   total 65536K, used 25256K [0x00000000fc000000, 0x0000000100000000)
  region size 1024K, 20 young (20480K), 3 survivors (3072K)
 Metaspace       used 7877K, committed 8064K, reserved 1114112K
  class space    used 1070K, committed 1152K, reserved 1048576K

Heap Regions: E=young(eden), S=young(survivor), O=old, HS=humongous(starts), HC=humongous(continues), CS=collection set, F=free, OA=open archive, CA=closed archive, TAMS=top-at-mark-start (previous, next)
|   0|0x00000000fc000000, 0x00000000fc100000, 0x00000000fc100000|100%| O|  |TAMS 0x00000000fc000000, 0x00000000fc000000| Untracked 
|   1|0x00000000fc100000, 0x00000000fc200000, 0x00000000fc200000|100%| O|  |TAMS 0x00000000fc100000, 0x00000000fc100000| Untracked 
|   2|0x00000000fc200000, 0x00000000fc2aa000, 0x00000000fc300000| 66%| O|  |TAMS 0x00000000fc200000, 0x00000000fc200000| Untracked 
|   3|0x00000000fc300000, 0x00000000fc400000, 0x00000000fc400000|100%|HS|  |TAMS 0x00000000fc300000, 0x00000000fc300000| Complete 
|   4|0x00000000fc400000, 0x00000000fc500000, 0x00000000fc500000|100%|HC|  |TAMS 0x00000000fc400000, 0x00000000fc400000| Complete 
|   5|0x00000000fc500000, 0x00000000fc600000, 0x00000000fc600000|100%|HC|  |TAMS 0x00000000fc500000, 0x00000000fc500000| Complete 
|   6|0x00000000fc600000, 0x00000000fc700000, 0x00000000fc700000|100%|HC|  |TAMS 0x00000000fc600000, 0x00000000fc600000| Complete 
|   7|0x00000000fc700000, 0x00000000fc700000, 0x00000000fc800000|  0%| F|  |TAMS 0x00000000fc700000, 0x00000000fc700000| Untracked 
|   8|0x00000000fc800000, 0x00000000fc800000, 0x00000000fc900000|  0%| F|  |TAMS 0x00000000fc800000, 0x00000000fc800000| Untracked 
|   9|0x00000000fc900000, 0x00000000fc900000, 0x00000000fca00000|  0%| F|  |TAMS 0x00000000fc900000, 0x00000000fc900000| Untracked 
|  10|0x00000000fca00000, 0x00000000fca00000, 0x00000000fcb00000|  0%| F|  |TAMS 0x00000000fca00000, 0x00000000fca00000| Untracked 
|  11|0x00000000fcb00000, 0x00000000fcb00000, 0x00000000fcc00000|  0%| F|  |TAMS 0x00000000fcb00000, 0x00000000fcb00000| Untracked 
|  12|0x00000000fcc00000, 0x00000000fcc00000, 0x00000000fcd00000|  0%| F|  |TAMS 0x00000000fcc00000, 0x00000000fcc00000| Untracked 
|  13|0x00000000fcd00000, 0x00000000fcd00000, 0x00000000fce00000|  0%| F|  |TAMS 0x00000000fcd00000, 0x00000000fcd00000| Untracked 
|  14|0x00000000fce00000, 0x00000000fce00000, 0x00000000fcf00000|  0%| F|  |TAMS 0x00000000fce00000, 0x00000000fce00000| Untracked 
|  15|0x00000000fcf00000, 0x00000000fcf00000, 0x00000000fd000000|  0%| F|  |TAMS 0x00000000fcf00000, 0x00000000fcf00000| Untracked 
|  16|0x00000000fd000000, 0x00000000fd000000, 0x00000000fd100000|  0%| F|  |TAMS 0x00000000fd000000, 0x00000000fd000000| Untracked 
|  17|0x00000000fd100000, 0x00000000fd100000, 0x00000000fd200000|  0%| F|  |TAMS 0x00000000fd100000, 0x00000000fd100000| Untracked 
|  18|0x00000000fd200000, 0x00000000fd200000, 0x00000000fd300000|  0%| F|  |TAMS 0x00000000fd200000, 0x00000000fd200000| Untracked 
|  19|0x00000000fd300000, 0x00000000fd300000, 0x00000000fd400000|  0%| F|  |TAMS 0x00000000fd300000, 0x00000000fd300000| Untracked 
|  20|0x00000000fd400000, 0x00000000fd400000, 0x00000000fd500000|  0%| F|  |TAMS 0x00000000fd400000, 0x00000000fd400000| Untracked 
|  21|0x00000000fd500000, 0x00000000fd500000, 0x00000000fd600000|  0%| F|  |TAMS 0x00000000fd500000, 0x00000000fd500000| Untracked 
|  22|0x00000000fd600000, 0x00000000fd600000, 0x00000000fd700000|  0%| F|  |TAMS 0x00000000fd600000, 0x00000000fd600000| Untracked 
|  23|0x00000000fd700000, 0x00000000fd700000, 0x00000000fd800000|  0%| F|  |TAMS 0x00000000fd700000, 0x00000000fd700000| Untracked 
|  24|0x00000000fd800000, 0x00000000fd800000, 0x00000000fd900000|  0%| F|  |TAMS 0x00000000fd800000, 0x00000000fd800000| Untracked 
|  25|0x00000000fd900000, 0x00000000fd900000, 0x00000000fda00000|  0%| F|  |TAMS 0x00000000fd900000, 0x00000000fd900000| Untracked 
|  26|0x00000000fda00000, 0x00000000fda00000, 0x00000000fdb00000|  0%| F|  |TAMS 0x00000000fda00000, 0x00000000fda00000| Untracked 
|  27|0x00000000fdb00000, 0x00000000fdb00000, 0x00000000fdc00000|  0%| F|  |TAMS 0x00000000fdb00000, 0x00000000fdb00000| Untracked 
|  28|0x00000000fdc00000, 0x00000000fdc00000, 0x00000000fdd00000|  0%| F|  |TAMS 0x00000000fdc00000, 0x00000000fdc00000| Untracked 
|  29|0x00000000fdd00000, 0x00000000fdd00000, 0x00000000fde00000|  0%| F|  |TAMS 0x00000000fdd00000, 0x00000000fdd00000| Untracked 
|  30|0x00000000fde00000, 0x00000000fde00000, 0x00000000fdf00000|  0%| F|  |TAMS 0x00000000fde00000, 0x00000000fde00000| Untracked 
|  31|0x00000000fdf00000, 0x00000000fdf00000, 0x00000000fe000000|  0%| F|  |TAMS 0x00000000fdf00000, 0x00000000fdf00000| Untracked 
|  32|0x00000000fe000000, 0x00000000fe000000, 0x00000000fe100000|  0%| F|  |TAMS 0x00000000fe000000, 0x00000000fe000000| Untracked 
|  33|0x00000000fe100000, 0x00000000fe100000, 0x00000000fe200000|  0%| F|  |TAMS 0x00000000fe100000, 0x00000000fe100000| Untracked 
|  34|0x00000000fe200000, 0x00000000fe200000, 0x00000000fe300000|  0%| F|  |TAMS 0x00000000fe200000, 0x00000000fe200000| Untracked 
|  35|0x00000000fe300000, 0x00000000fe300000, 0x00000000fe400000|  0%| F|  |TAMS 0x00000000fe300000, 0x00000000fe300000| Untracked 
|  36|0x00000000fe400000, 0x00000000fe400000, 0x00000000fe500000|  0%| F|  |TAMS 0x00000000fe400000, 0x00000000fe400000| Untracked 
|  37|0x00000000fe500000, 0x00000000fe500000, 0x00000000fe600000|  0%| F|  |TAMS 0x00000000fe500000, 0x00000000fe500000| Untracked 
|  38|0x00000000fe600000, 0x00000000fe700000, 0x00000000fe700000|100%| S|CS|TAMS 0x00000000fe600000, 0x00000000fe600000| Complete 
|  39|0x00000000fe700000, 0x00000000fe800000, 0x00000000fe800000|100%| S|CS|TAMS 0x00000000fe700000, 0x00000000fe700000| Complete 
|  40|0x00000000fe800000, 0x00000000fe900000, 0x00000000fe900000|100%| S|CS|TAMS 0x00000000fe800000, 0x00000000fe800000| Complete 
|  41|0x00000000fe900000, 0x00000000fe900000, 0x00000000fea00000|  0%| F|  |TAMS 0x00000000fe900000, 0x00000000fe900000| Untracked 
|  42|0x00000000fea00000, 0x00000000fea00000, 0x00000000feb00000|  0%| F|  |TAMS 0x00000000fea00000, 0x00000000fea00000| Untracked 
|  43|0x00000000feb00000, 0x00000000feb00000, 0x00000000fec00000|  0%| F|  |TAMS 0x00000000feb00000, 0x00000000feb00000| Untracked 
|  44|0x00000000fec00000, 0x00000000fec00000, 0x00000000fed00000|  0%| F|  |TAMS 0x00000000fec00000, 0x00000000fec00000| Untracked 
|  45|0x00000000fed00000, 0x00000000fed00000, 0x00000000fee00000|  0%| F|  |TAMS 0x00000000fed00000, 0x00000000fed00000| Untracked 
|  46|0x00000000fee00000, 0x00000000fee00000, 0x00000000fef00000|  0%| F|  |TAMS 0x00000000fee00000, 0x00000000fee00000| Untracked 
|  47|0x00000000fef00000, 0x00000000feffc538, 0x00000000ff000000| 98%| E|  |TAMS 0x00000000fef00000, 0x00000000fef00000| Complete 
|  48|0x00000000ff000000, 0x00000000ff100000, 0x00000000ff100000|100%| E|CS|TAMS 0x00000000ff000000, 0x00000000ff000000| Complete 
|  49|0x00000000ff100000, 0x00000000ff200000, 0x00000000ff200000|100%| E|CS|TAMS 0x00000000ff100000, 0x00000000ff100000| Complete 
|  50|0x00000000ff200000, 0x00000000ff300000, 0x00000000ff300000|100%| E|CS|TAMS 0x00000000ff200000, 0x00000000ff200000| Complete 
|  51|0x00000000ff300000, 0x00000000ff400000, 0x00000000ff400000|100%| E|CS|TAMS 0x00000000ff300000, 0x00000000ff300000| Complete 
|  52|0x00000000ff400000, 0x00000000ff500000, 0x00000000ff500000|100%| E|CS|TAMS 0x00000000ff400000, 0x00000000ff400000| Complete 
|  53|0x00000000ff500000, 0x00000000ff600000, 0x00000000ff600000|100%| E|CS|TAMS 0x00000000ff500000, 0x00000000ff500000| Complete 
|  54|0x00000000ff600000, 0x00000000ff700000, 0x00000000ff700000|100%| E|CS|TAMS 0x00000000ff600000, 0x00000000ff600000| Complete 
|  55|0x00000000ff700000, 0x00000000ff800000, 0x00000000ff800000|100%| E|CS|TAMS 0x00000000ff700000, 0x00000000ff700000| Complete 
|  56|0x00000000ff800000, 0x00000000ff900000, 0x00000000ff900000|100%| E|CS|TAMS 0x00000000ff800000, 0x00000000ff800000| Complete 
|  57|0x00000000ff900000, 0x00000000ffa00000, 0x00000000ffa00000|100%| E|CS|TAMS 0x00000000ff900000, 0x00000000ff900000| Complete 
|  58|0x00000000ffa00000, 0x00000000ffb00000, 0x00000000ffb00000|100%| E|CS|TAMS 0x00000000ffa00000, 0x00000000ffa00000| Complete 
|  59|0x00000000ffb00000, 0x00000000ffc00000, 0x00000000ffc00000|100%| E|CS|TAMS 0x00000000ffb00000, 0x00000000ffb00000| Complete 
|  60|0x00000000ffc00000, 0x00000000ffd00000, 0x00000000ffd00000|100%| E|CS|TAMS 0x00000000ffc00000, 0x00000000ffc00000| Complete 
|  61|0x00000000ffd00000, 0x00000000ffe00000, 0x00000000ffe00000|100%| E|CS|TAMS 0x00000000ffd00000, 0x00000000ffd00000| Complete 
|  62|0x00000000ffe00000, 0x00000000fff00000, 0x00000000fff00000|100%| E|  |TAMS 0x00000000ffe00000, 0x00000000ffe00000| Complete 
|  63|0x00000000fff00000, 0x0000000100000000, 0x0000000100000000|100%| E|CS|TAMS 0x00000000fff00000, 0x00000000fff00000| Complete 

Card table byte_map: [0x000002e1e17d0000,0x000002e1e17f0000] _byte_map_base: 0x000002e1e0ff0000

Marking Bits (Prev, Next): (CMBitMap*) 0x000002e1e3953bb0, (CMBitMap*) 0x000002e1e3953bf0
 Prev Bits: [0x000002e1fa740000, 0x000002e1fa840000)
 Next Bits: [0x000002e1fa840000, 0x000002e1fa940000)

Polling page: 0x000002e1e1530000

Metaspace:

Usage:
  Non-class:      6.67 MB used.
      Class:      1.05 MB used.
       Both:      7.72 MB used.

Virtual space:
  Non-class space:       64.00 MB reserved,       6.81 MB ( 11%) committed,  1 nodes.
      Class space:        1.00 GB reserved,       1.12 MB ( <1%) committed,  1 nodes.
             Both:        1.06 GB reserved,       7.94 MB ( <1%) committed. 

Chunk freelists:
   Non-Class:  8.11 MB
       Class:  14.84 MB
        Both:  22.95 MB

MaxMetaspaceSize: unlimited
CompressedClassSpaceSize: 1.00 GB
Initial GC threshold: 21.00 MB
Current GC threshold: 21.00 MB
CDS: on
MetaspaceReclaimPolicy: balanced
 - commit_granule_bytes: 65536.
 - commit_granule_words: 8192.
 - virtual_space_node_default_size: 8388608.
 - enlarge_chunks_in_place: 1.
 - new_chunks_are_fully_committed: 0.
 - uncommit_free_chunks: 1.
 - use_allocation_guard: 0.
 - handle_deallocations: 1.


Internal statistics:

num_allocs_failed_limit: 0.
num_arena_births: 76.
num_arena_deaths: 0.
num_vsnodes_births: 2.
num_vsnodes_deaths: 0.
num_space_committed: 127.
num_space_uncommitted: 0.
num_chunks_returned_to_freelist: 0.
num_chunks_taken_from_freelist: 302.
num_chunk_merges: 0.
num_chunk_splits: 207.
num_chunks_enlarged: 171.
num_inconsistent_stats: 0.

CodeHeap 'non-profiled nmethods': size=120000Kb used=526Kb max_used=526Kb free=119473Kb
 bounds [0x000002e1f2cc0000, 0x000002e1f2f30000, 0x000002e1fa1f0000]
CodeHeap 'profiled nmethods': size=120000Kb used=2204Kb max_used=2204Kb free=117795Kb
 bounds [0x000002e1eb1f0000, 0x000002e1eb460000, 0x000002e1f2720000]
CodeHeap 'non-nmethods': size=5760Kb used=1159Kb max_used=1173Kb free=4600Kb
 bounds [0x000002e1f2720000, 0x000002e1f2990000, 0x000002e1f2cc0000]
 total_blobs=1640 nmethods=1188 adapters=365
 compilation: enabled
              stopped_count=0, restarted_count=0
 full_count=0

Compilation events (20 events):
Event: 4.576 Thread 0x000002e1fd522520 1174       1       java.util.concurrent.locks.AbstractQueuedSynchronizer::getState (5 bytes)
Event: 4.576 Thread 0x000002e1fd522520 nmethod 1174 0x000002e1f2d42210 code [0x000002e1f2d423a0, 0x000002e1f2d42478]
Event: 4.578 Thread 0x000002e1fd50ef50 1175       4       java.lang.String::startsWith (138 bytes)
Event: 4.582 Thread 0x000002e1fd50ef50 nmethod 1175 0x000002e1f2d42510 code [0x000002e1f2d426a0, 0x000002e1f2d42958]
Event: 4.582 Thread 0x000002e1fd50ef50 1176       4       java.util.zip.Inflater::ensureOpen (47 bytes)
Event: 4.582 Thread 0x000002e1fd50ef50 nmethod 1176 0x000002e1f2d42b10 code [0x000002e1f2d42c80, 0x000002e1f2d42d38]
Event: 4.589 Thread 0x000002e1fd522520 1177       1       java.util.concurrent.locks.AbstractQueuedSynchronizer::setState (6 bytes)
Event: 4.589 Thread 0x000002e1fd522520 nmethod 1177 0x000002e1f2d42e10 code [0x000002e1f2d42fa0, 0x000002e1f2d43078]
Event: 5.594 Thread 0x000002e1fd522520 1178       3       java.lang.invoke.MethodTypeForm::cachedLambdaForm (23 bytes)
Event: 5.594 Thread 0x000002e1fd522520 nmethod 1178 0x000002e1eb40fd90 code [0x000002e1eb40ff40, 0x000002e1eb4102a8]
Event: 5.594 Thread 0x000002e1fd522520 1179       3       java.lang.invoke.MethodHandles$Lookup::checkAccess (232 bytes)
Event: 5.595 Thread 0x000002e1fd522520 nmethod 1179 0x000002e1eb410410 code [0x000002e1eb410700, 0x000002e1eb411798]
Event: 5.595 Thread 0x000002e1fd522520 1180       3       java.lang.invoke.TypeConvertingMethodAdapter::descriptorToName (36 bytes)
Event: 5.596 Thread 0x000002e1fd522520 nmethod 1180 0x000002e1eb411c10 code [0x000002e1eb411ea0, 0x000002e1eb412a48]
Event: 5.600 Thread 0x000002e1fd522520 1181       3       java.lang.invoke.MethodHandles$Lookup::checkSymbolicClass (25 bytes)
Event: 5.601 Thread 0x000002e1fd522520 nmethod 1181 0x000002e1eb412f10 code [0x000002e1eb4130e0, 0x000002e1eb413348]
Event: 5.608 Thread 0x000002e1fd50ef50 1183       4       java.lang.String::replace (42 bytes)
Event: 5.608 Thread 0x000002e1fd522520 1184       3       jdk.internal.org.objectweb.asm.Type::<init> (26 bytes)
Event: 5.608 Thread 0x000002e1fd522520 nmethod 1184 0x000002e1eb413490 code [0x000002e1eb413620, 0x000002e1eb4137f8]
Event: 5.608 Thread 0x000002e1fd522520 1185       3       jdk.internal.org.objectweb.asm.Type::getReturnTypeOffset (64 bytes)

GC Heap History (2 events):
Event: 0.957 GC heap before
{Heap before GC invocations=0 (full 0):
 garbage-first heap   total 65536K, used 22528K [0x00000000fc000000, 0x0000000100000000)
  region size 1024K, 23 young (23552K), 0 survivors (0K)
 Metaspace       used 3512K, committed 3648K, reserved 1114112K
  class space    used 432K, committed 512K, reserved 1048576K
}
Event: 0.961 GC heap after
{Heap after GC invocations=1 (full 0):
 garbage-first heap   total 65536K, used 5800K [0x00000000fc000000, 0x0000000100000000)
  region size 1024K, 3 young (3072K), 3 survivors (3072K)
 Metaspace       used 3512K, committed 3648K, reserved 1114112K
  class space    used 432K, committed 512K, reserved 1048576K
}

Deoptimization events (20 events):
Event: 2.290 Thread 0x000002e1e3931850 Uncommon trap: trap_request=0xffffffde fr.pc=0x000002e1f2d3602c relative=0x000000000000010c
Event: 2.290 Thread 0x000002e1e3931850 Uncommon trap: reason=class_check action=maybe_recompile pc=0x000002e1f2d3602c method=jdk.internal.misc.Unsafe.allocateUninitializedArray(Ljava/lang/Class;I)Ljava/lang/Object; @ 51 c2
Event: 2.290 Thread 0x000002e1e3931850 DEOPT PACKING pc=0x000002e1f2d3602c sp=0x000000f061bfca00
Event: 2.290 Thread 0x000002e1e3931850 DEOPT UNPACKING pc=0x000002e1f27723a3 sp=0x000000f061bfc988 mode 2
Event: 2.351 Thread 0x000002e1e3931850 DEOPT PACKING pc=0x000002e1eb2c4265 sp=0x000000f061bf8da0
Event: 2.351 Thread 0x000002e1e3931850 DEOPT UNPACKING pc=0x000002e1f2772b43 sp=0x000000f061bf81f0 mode 0
Event: 2.364 Thread 0x000002e1e3931850 Uncommon trap: trap_request=0xffffff45 fr.pc=0x000002e1f2d37eb0 relative=0x0000000000000090
Event: 2.364 Thread 0x000002e1e3931850 Uncommon trap: reason=unstable_if action=reinterpret pc=0x000002e1f2d37eb0 method=sun.reflect.generics.parser.SignatureParser.current()C @ 39 c2
Event: 2.364 Thread 0x000002e1e3931850 DEOPT PACKING pc=0x000002e1f2d37eb0 sp=0x000000f061bfccf0
Event: 2.364 Thread 0x000002e1e3931850 DEOPT UNPACKING pc=0x000002e1f27723a3 sp=0x000000f061bfcc88 mode 2
Event: 2.385 Thread 0x000002e1e3931850 DEOPT PACKING pc=0x000002e1eb3121b0 sp=0x000000f061bfb150
Event: 2.385 Thread 0x000002e1e3931850 DEOPT UNPACKING pc=0x000002e1f2772b43 sp=0x000000f061bfa668 mode 0
Event: 3.514 Thread 0x000002e1e3931850 Uncommon trap: trap_request=0xffffffc6 fr.pc=0x000002e1f2d2db44 relative=0x0000000000000304
Event: 3.514 Thread 0x000002e1e3931850 Uncommon trap: reason=bimorphic_or_optimized_type_check action=maybe_recompile pc=0x000002e1f2d2db44 method=java.util.HashMap.getNode(Ljava/lang/Object;)Ljava/util/HashMap$Node; @ 63 c2
Event: 3.514 Thread 0x000002e1e3931850 DEOPT PACKING pc=0x000002e1f2d2db44 sp=0x000000f061bfbbb0
Event: 3.514 Thread 0x000002e1e3931850 DEOPT UNPACKING pc=0x000002e1f27723a3 sp=0x000000f061bfbab8 mode 2
Event: 3.514 Thread 0x000002e1e3931850 Uncommon trap: trap_request=0xffffffc6 fr.pc=0x000002e1f2d2db44 relative=0x0000000000000304
Event: 3.514 Thread 0x000002e1e3931850 Uncommon trap: reason=bimorphic_or_optimized_type_check action=maybe_recompile pc=0x000002e1f2d2db44 method=java.util.HashMap.getNode(Ljava/lang/Object;)Ljava/util/HashMap$Node; @ 63 c2
Event: 3.514 Thread 0x000002e1e3931850 DEOPT PACKING pc=0x000002e1f2d2db44 sp=0x000000f061bfbb80
Event: 3.514 Thread 0x000002e1e3931850 DEOPT UNPACKING pc=0x000002e1f27723a3 sp=0x000000f061bfba88 mode 2

Classes unloaded (0 events):
No events

Classes redefined (0 events):
No events

Internal exceptions (20 events):
Event: 2.216 Thread 0x000002e1e3931850 Exception <a 'java/lang/NoSuchMethodError'{0x00000000ffb88070}: 'void java.lang.invoke.DelegatingMethodHandle$Holder.delegate(java.lang.Object, java.lang.Object, int, java.lang.Object)'> (0x00000000ffb88070) 
thrown [s\open\src\hotspot\share\interpreter\linkResolver.cpp, line 759]
Event: 2.218 Thread 0x000002e1e3931850 Exception <a 'java/lang/NoSuchMethodError'{0x00000000ffb9b720}: 'java.lang.Object java.lang.invoke.Invokers$Holder.invokeExact_MT(java.lang.Object, java.lang.Object, java.lang.Object, java.lang.Object)'> (0x00000000ffb9b720) 
thrown [s\open\src\hotspot\share\interpreter\linkResolver.cpp, line 759]
Event: 2.222 Thread 0x000002e1e3931850 Exception <a 'java/lang/NoSuchMethodError'{0x00000000ffbbd7a8}: 'java.lang.Object java.lang.invoke.DirectMethodHandle$Holder.invokeVirtual(java.lang.Object, java.lang.Object, java.lang.Object)'> (0x00000000ffbbd7a8) 
thrown [s\open\src\hotspot\share\interpreter\linkResolver.cpp, line 759]
Event: 2.249 Thread 0x000002e1e3931850 Exception <a 'java/lang/NullPointerException'{0x00000000ffa7bc90}> (0x00000000ffa7bc90) 
thrown [s\open\src\hotspot\share\interpreter\linkResolver.cpp, line 1350]
Event: 2.251 Thread 0x000002e1e3931850 Exception <a 'java/lang/NoSuchMethodError'{0x00000000ffad0060}: 'void java.lang.invoke.DirectMethodHandle$Holder.invokeStatic(java.lang.Object, long, java.lang.Object)'> (0x00000000ffad0060) 
thrown [s\open\src\hotspot\share\interpreter\linkResolver.cpp, line 759]
Event: 2.252 Thread 0x000002e1e3931850 Exception <a 'java/lang/NoSuchMethodError'{0x00000000ffad6498}: 'java.lang.Object java.lang.invoke.DirectMethodHandle$Holder.newInvokeSpecial(java.lang.Object, long, java.lang.Object)'> (0x00000000ffad6498) 
thrown [s\open\src\hotspot\share\interpreter\linkResolver.cpp, line 759]
Event: 2.253 Thread 0x000002e1e3931850 Exception <a 'java/lang/NullPointerException'{0x00000000ffae2b60}> (0x00000000ffae2b60) 
thrown [s\open\src\hotspot\share\interpreter\linkResolver.cpp, line 1350]
Event: 2.253 Thread 0x000002e1e3931850 Exception <a 'java/lang/NullPointerException'{0x00000000ffae30e0}> (0x00000000ffae30e0) 
thrown [s\open\src\hotspot\share\interpreter\linkResolver.cpp, line 1350]
Event: 2.253 Thread 0x000002e1e3931850 Exception <a 'java/lang/NullPointerException'{0x00000000ffae3660}> (0x00000000ffae3660) 
thrown [s\open\src\hotspot\share\interpreter\linkResolver.cpp, line 1350]
Event: 2.254 Thread 0x000002e1e3931850 Exception <a 'java/lang/NullPointerException'{0x00000000ffaea728}> (0x00000000ffaea728) 
thrown [s\open\src\hotspot\share\interpreter\linkResolver.cpp, line 1350]
Event: 2.255 Thread 0x000002e1e3931850 Exception <a 'java/lang/NullPointerException'{0x00000000ff904b70}> (0x00000000ff904b70) 
thrown [s\open\src\hotspot\share\interpreter\linkResolver.cpp, line 1350]
Event: 2.255 Thread 0x000002e1e3931850 Exception <a 'java/lang/NullPointerException'{0x00000000ff9050f0}> (0x00000000ff9050f0) 
thrown [s\open\src\hotspot\share\interpreter\linkResolver.cpp, line 1350]
Event: 2.255 Thread 0x000002e1e3931850 Exception <a 'java/lang/NullPointerException'{0x00000000ff905670}> (0x00000000ff905670) 
thrown [s\open\src\hotspot\share\interpreter\linkResolver.cpp, line 1350]
Event: 2.255 Thread 0x000002e1e3931850 Exception <a 'java/lang/NullPointerException'{0x00000000ff905bf0}> (0x00000000ff905bf0) 
thrown [s\open\src\hotspot\share\interpreter\linkResolver.cpp, line 1350]
Event: 2.325 Thread 0x000002e1e3931850 Exception <a 'java/lang/NoSuchMethodError'{0x00000000ff7b5980}: 'java.lang.Object java.lang.invoke.DirectMethodHandle$Holder.newInvokeSpecial(java.lang.Object, java.lang.Object, java.lang.Object, java.lang.Object, java.lang.Object)'> (0x00000000ff7b5980) 
thrown [s\open\src\hotspot\share\interpreter\linkResolver.cpp, line 759]
Event: 2.344 Thread 0x000002e1e3931850 Exception <a 'java/lang/NoSuchMethodError'{0x00000000ff687b30}: 'void java.lang.invoke.DirectMethodHandle$Holder.invokeSpecial(java.lang.Object, java.lang.Object, java.lang.Object)'> (0x00000000ff687b30) 
thrown [s\open\src\hotspot\share\interpreter\linkResolver.cpp, line 759]
Event: 3.511 Thread 0x000002e1e3931850 Exception <a 'java/lang/NoSuchMethodError'{0x00000000ff4ad0a8}: 'void java.lang.invoke.DirectMethodHandle$Holder.invokeStatic(java.lang.Object, java.lang.Object, java.lang.Object)'> (0x00000000ff4ad0a8) 
thrown [s\open\src\hotspot\share\interpreter\linkResolver.cpp, line 759]
Event: 4.563 Thread 0x000002e1e3931850 Exception <a 'java/lang/NoSuchMethodError'{0x00000000ff2e6130}: 'java.lang.Object java.lang.invoke.DirectMethodHandle$Holder.newInvokeSpecial(java.lang.Object, java.lang.Object, java.lang.Object, java.lang.Object, java.lang.Object, java.lang.Object, java.lang.Object, java.lang.Object)'> (0x00000000ff2e6130) 
thrown [s\open\src\hotspot\share\interpreter\linkResolver.cpp, line 759]
Event: 4.564 Thread 0x000002e1e3931850 Exception <a 'java/lang/NoSuchMethodError'{0x00000000ff2eb748}: 'java.lang.Object java.lang.invoke.DirectMethodHandle$Holder.invokeSpecial(java.lang.Object, java.lang.Object, java.lang.Object, java.lang.Object, java.lang.Object, java.lang.Object, java.lang.Object, java.lang.Object, java.lang.Object)'> (0x00000000ff2eb748) 
thrown [s\open\src\hotspot\share\interpreter\linkResolver.cpp, line 759]
Event: 4.564 Thread 0x000002e1e3931850 Exception <a 'java/lang/NoSuchMethodError'{0x00000000ff2f0678}: 'java.lang.Object java.lang.invoke.Invokers$Holder.linkToTargetMethod(java.lang.Object, java.lang.Object, java.lang.Object, java.lang.Object, java.lang.Object, java.lang.Object, java.lang.Object, java.lang.Object)'> (0x00000000ff2f0678) 
thrown [s\open\src\hotspot\share\interpreter\linkResolver.cpp, line 759]

VM Operations (20 events):
Event: 0.961 Executing VM operation: G1CollectForAllocation done
Event: 1.108 Executing VM operation: HandshakeAllThreads
Event: 1.108 Executing VM operation: HandshakeAllThreads done
Event: 1.111 Executing VM operation: HandshakeAllThreads
Event: 1.111 Executing VM operation: HandshakeAllThreads done
Event: 1.111 Executing VM operation: HandshakeAllThreads
Event: 1.111 Executing VM operation: HandshakeAllThreads done
Event: 2.125 Executing VM operation: Cleanup
Event: 2.125 Executing VM operation: Cleanup done
Event: 2.150 Executing VM operation: HandshakeAllThreads
Event: 2.150 Executing VM operation: HandshakeAllThreads done
Event: 2.215 Executing VM operation: HandshakeAllThreads
Event: 2.215 Executing VM operation: HandshakeAllThreads done
Event: 2.393 Executing VM operation: HandshakeAllThreads
Event: 2.393 Executing VM operation: HandshakeAllThreads done
Event: 3.393 Executing VM operation: Cleanup
Event: 3.510 Executing VM operation: Cleanup done
Event: 5.521 Executing VM operation: Cleanup
Event: 5.591 Executing VM operation: Cleanup done
Event: 6.605 Executing VM operation: Cleanup

Events (20 events):
Event: 4.568 loading class java/util/zip/CheckedInputStream
Event: 4.568 loading class java/util/zip/CheckedInputStream done
Event: 4.569 loading class java/nio/file/PathMatcher
Event: 4.569 loading class java/nio/file/PathMatcher done
Event: 4.569 loading class java/nio/file/FileVisitor
Event: 4.569 loading class java/nio/file/FileVisitor done
Event: 5.592 loading class java/nio/file/NoSuchFileException
Event: 5.592 loading class java/nio/file/FileSystemException
Event: 5.592 loading class java/nio/file/FileSystemException done
Event: 5.592 loading class java/nio/file/NoSuchFileException done
Event: 5.600 loading class java/util/concurrent/atomic/Striped64$1
Event: 5.600 loading class java/util/concurrent/atomic/Striped64$1 done
Event: 5.603 loading class java/io/StreamCorruptedException
Event: 5.603 loading class java/io/StreamCorruptedException done
Event: 5.605 loading class java/util/concurrent/ConcurrentSkipListMap$EntrySet
Event: 5.605 loading class java/util/concurrent/ConcurrentSkipListMap$EntrySet done
Event: 5.605 loading class java/util/concurrent/ConcurrentSkipListMap$EntryIterator
Event: 5.605 loading class java/util/concurrent/ConcurrentSkipListMap$Iter
Event: 5.605 loading class java/util/concurrent/ConcurrentSkipListMap$Iter done
Event: 5.605 loading class java/util/concurrent/ConcurrentSkipListMap$EntryIterator done


Dynamic libraries:
0x00007ff6c8700000 - 0x00007ff6c8710000 	C:\Program Files\Java\jdk-17\bin\java.exe
0x00007ffe78bc0000 - 0x00007ffe78e26000 	C:\WINDOWS\SYSTEM32\ntdll.dll
0x00007ffe77c80000 - 0x00007ffe77d49000 	C:\WINDOWS\System32\KERNEL32.DLL
0x00007ffe75f40000 - 0x00007ffe7633f000 	C:\WINDOWS\System32\KERNELBASE.dll
0x00007ffe76660000 - 0x00007ffe767ac000 	C:\WINDOWS\System32\ucrtbase.dll
0x00007ffe6caa0000 - 0x00007ffe6cabb000 	C:\Program Files\Java\jdk-17\bin\VCRUNTIME140.dll
0x00007ffe6c900000 - 0x00007ffe6c919000 	C:\Program Files\Java\jdk-17\bin\jli.dll
0x00007ffe78590000 - 0x00007ffe7864c000 	C:\WINDOWS\System32\ADVAPI32.dll
0x00007ffe77410000 - 0x00007ffe774b9000 	C:\WINDOWS\System32\msvcrt.dll
0x00007ffe77d50000 - 0x00007ffe77dfa000 	C:\WINDOWS\System32\sechost.dll
0x00007ffe77b60000 - 0x00007ffe77c78000 	C:\WINDOWS\System32\RPCRT4.dll
0x00007ffe77580000 - 0x00007ffe77746000 	C:\WINDOWS\System32\USER32.dll
0x00007ffe76410000 - 0x00007ffe76437000 	C:\WINDOWS\System32\win32u.dll
0x00007ffe61350000 - 0x00007ffe615e1000 	C:\WINDOWS\WinSxS\amd64_microsoft.windows.common-controls_6595b64144ccf1df_6.0.26100.8972_none_3e0da176e32f9d4b\COMCTL32.dll
0x00007ffe77930000 - 0x00007ffe7795b000 	C:\WINDOWS\System32\GDI32.dll
0x00007ffe767c0000 - 0x00007ffe768e9000 	C:\WINDOWS\System32\gdi32full.dll
0x00007ffe75dd0000 - 0x00007ffe75e73000 	C:\WINDOWS\System32\msvcp_win.dll
0x00007ffe6f760000 - 0x00007ffe6f76b000 	C:\WINDOWS\SYSTEM32\VERSION.dll
0x00007ffe78460000 - 0x00007ffe78492000 	C:\WINDOWS\System32\IMM32.DLL
0x00007ffe6c8f0000 - 0x00007ffe6c8fc000 	C:\Program Files\Java\jdk-17\bin\vcruntime140_1.dll
0x00007ffe4ac50000 - 0x00007ffe4acde000 	C:\Program Files\Java\jdk-17\bin\msvcp140.dll
0x00007ffe186b0000 - 0x00007ffe19290000 	C:\Program Files\Java\jdk-17\bin\server\jvm.dll
0x00007ffe78450000 - 0x00007ffe78458000 	C:\WINDOWS\System32\PSAPI.DLL
0x00007ffe5b0b0000 - 0x00007ffe5b0ba000 	C:\WINDOWS\SYSTEM32\WSOCK32.dll
0x00007ffe6c400000 - 0x00007ffe6c436000 	C:\WINDOWS\SYSTEM32\WINMM.dll
0x00007ffe78030000 - 0x00007ffe780b2000 	C:\WINDOWS\System32\WS2_32.dll
0x00007ffe74ac0000 - 0x00007ffe74adb000 	C:\WINDOWS\SYSTEM32\kernel.appcore.dll
0x00007ffe682e0000 - 0x00007ffe682ea000 	C:\Program Files\Java\jdk-17\bin\jimage.dll
0x00007ffe69100000 - 0x00007ffe69342000 	C:\WINDOWS\SYSTEM32\DBGHELP.DLL
0x00007ffe780c0000 - 0x00007ffe78445000 	C:\WINDOWS\System32\combase.dll
0x00007ffe77e00000 - 0x00007ffe77ed9000 	C:\WINDOWS\System32\OLEAUT32.dll
0x00007ffe54df0000 - 0x00007ffe54e2b000 	C:\WINDOWS\SYSTEM32\dbgcore.DLL
0x00007ffe76350000 - 0x00007ffe763fc000 	C:\WINDOWS\System32\bcryptPrimitives.dll
0x00007ffe66d20000 - 0x00007ffe66d45000 	C:\Program Files\Java\jdk-17\bin\java.dll
0x00007ffe185d0000 - 0x00007ffe186a7000 	C:\Program Files\Java\jdk-17\bin\jsvml.dll
0x00007ffe769c0000 - 0x00007ffe77148000 	C:\WINDOWS\System32\SHELL32.dll
0x00007ffe73850000 - 0x00007ffe740eb000 	C:\WINDOWS\SYSTEM32\windows.storage.dll
0x00007ffe77150000 - 0x00007ffe77249000 	C:\WINDOWS\System32\SHCORE.dll
0x00007ffe784a0000 - 0x00007ffe78506000 	C:\WINDOWS\System32\shlwapi.dll
0x00007ffe75cf0000 - 0x00007ffe75d19000 	C:\WINDOWS\SYSTEM32\profapi.dll
0x00007ffe66d00000 - 0x00007ffe66d19000 	C:\Program Files\Java\jdk-17\bin\net.dll
0x00007ffe6f380000 - 0x00007ffe6f4a8000 	C:\WINDOWS\SYSTEM32\WINHTTP.dll
0x00007ffe75070000 - 0x00007ffe750dc000 	C:\WINDOWS\system32\mswsock.dll
0x00007ffe65970000 - 0x00007ffe65986000 	C:\Program Files\Java\jdk-17\bin\nio.dll
0x00007ffe64a30000 - 0x00007ffe64a48000 	C:\Program Files\Java\jdk-17\bin\zip.dll
0x00007ffe658f0000 - 0x00007ffe658fa000 	C:\Program Files\Java\jdk-17\bin\management.dll
0x00007ffe64a20000 - 0x00007ffe64a2b000 	C:\Program Files\Java\jdk-17\bin\management_ext.dll
0x00007ffe55a80000 - 0x00007ffe55aa7000 	C:\Users\Admin\.gradle\native\660c5614fbf4a5f2a75b1949f50a0caf5cd603558e7d8a26e50b933a0cfb79d1\windows-amd64\native-platform.dll
0x00007ffe4b030000 - 0x00007ffe4b054000 	C:\Users\Admin\.gradle\native\jansi\2.4.2\Windows\x86_64\jansi.dll
0x00007ffe743e0000 - 0x00007ffe74413000 	C:\WINDOWS\SYSTEM32\IPHLPAPI.DLL
0x00007ffe76920000 - 0x00007ffe7692a000 	C:\WINDOWS\System32\NSI.dll
0x00007ffe6fd10000 - 0x00007ffe6fd2d000 	C:\WINDOWS\SYSTEM32\dhcpcsvc6.DLL
0x00007ffe6fc40000 - 0x00007ffe6fc65000 	C:\WINDOWS\SYSTEM32\dhcpcsvc.DLL
0x00007ffe74420000 - 0x00007ffe74578000 	C:\WINDOWS\SYSTEM32\DNSAPI.dll
0x00007ffe74e20000 - 0x00007ffe74e2d000 	C:\WINDOWS\SYSTEM32\DSPARSE.dll

dbghelp: loaded successfully - version: 4.0.5 - missing functions: none
symbol engine: initialized successfully - sym options: 0x614 - pdb path: .;C:\Program Files\Java\jdk-17\bin;C:\WINDOWS\SYSTEM32;C:\WINDOWS\WinSxS\amd64_microsoft.windows.common-controls_6595b64144ccf1df_6.0.26100.8972_none_3e0da176e32f9d4b;C:\Program Files\Java\jdk-17\bin\server;C:\Users\Admin\.gradle\native\660c5614fbf4a5f2a75b1949f50a0caf5cd603558e7d8a26e50b933a0cfb79d1\windows-amd64;C:\Users\Admin\.gradle\native\jansi\2.4.2\Windows\x86_64

VM Arguments:
jvm_args: -Xmx64m -Xms64m -Dorg.gradle.appname=gradlew 
java_command: C:\Users\Admin\OneDrive\Desktop\TaskApp\android\\gradle\wrapper\gradle-wrapper.jar app:installDebug -PreactNativeDevServerPort=8081
java_class_path (initial): C:\Users\Admin\OneDrive\Desktop\TaskApp\android\\gradle\wrapper\gradle-wrapper.jar
Launcher Type: SUN_STANDARD

[Global flags]
     intx CICompilerCount                          = 4                                         {product} {ergonomic}
     uint ConcGCThreads                            = 3                                         {product} {ergonomic}
     uint G1ConcRefinementThreads                  = 10                                        {product} {ergonomic}
   size_t G1HeapRegionSize                         = 1048576                                   {product} {ergonomic}
    uintx GCDrainStackTargetSize                   = 64                                        {product} {ergonomic}
   size_t InitialHeapSize                          = 67108864                                  {product} {command line}
   size_t MarkStackSize                            = 4194304                                   {product} {ergonomic}
   size_t MaxHeapSize                              = 67108864                                  {product} {command line}
   size_t MaxNewSize                               = 39845888                                  {product} {ergonomic}
   size_t MinHeapDeltaBytes                        = 1048576                                   {product} {ergonomic}
   size_t MinHeapSize                              = 67108864                                  {product} {command line}
    uintx NonNMethodCodeHeapSize                   = 5839372                                {pd product} {ergonomic}
    uintx NonProfiledCodeHeapSize                  = 122909434                              {pd product} {ergonomic}
    uintx ProfiledCodeHeapSize                     = 122909434                              {pd product} {ergonomic}
    uintx ReservedCodeCacheSize                    = 251658240                              {pd product} {ergonomic}
     bool SegmentedCodeCache                       = true                                      {product} {ergonomic}
   size_t SoftMaxHeapSize                          = 67108864                               {manageable} {ergonomic}
     bool UseCompressedClassPointers               = true                           {product lp64_product} {ergonomic}
     bool UseCompressedOops                        = true                           {product lp64_product} {ergonomic}
     bool UseG1GC                                  = true                                      {product} {ergonomic}
     bool UseLargePagesIndividualAllocation        = false                                  {pd product} {ergonomic}

Logging:
Log output configuration:
 #0: stdout all=warning uptime,level,tags
 #1: stderr all=off uptime,level,tags

Environment Variables:
JAVA_HOME=C:\Program Files\Java\jdk-17
PATH=C:\Users\Admin\OneDrive\Desktop\TaskApp\node_modules\.bin;C:\Users\Admin\OneDrive\Desktop\TaskApp\node_modules\.bin;C:\Users\Admin\OneDrive\Desktop\node_modules\.bin;C:\Users\Admin\OneDrive\node_modules\.bin;C:\Users\Admin\node_modules\.bin;C:\Users\node_modules\.bin;C:\node_modules\.bin;C:\Program Files\nodejs\node_modules\npm\node_modules\@npmcli\run-script\lib\node-gyp-bin;C:\Program Files\Common Files\Oracle\Java\javapath;C:\Windows\system32;C:\Windows;C:\Windows\System32\Wbem;C:\Windows\System32\WindowsPowerShell\v1.0\;C:\Windows\System32\OpenSSH\;C:\Program Files (x86)\NVIDIA Corporation\PhysX\Common;C:\WINDOWS\system32;C:\WINDOWS;C:\WINDOWS\System32\Wbem;C:\WINDOWS\System32\WindowsPowerShell\v1.0\;C:\WINDOWS\System32\OpenSSH\;C:\Program Files\dotnet\;C:\Program Files\nodejs\;%LOCALAPPDATA%\Android\Sdk\platform-tools;C:\Users\Admin\AppData\Local\Microsoft\WindowsApps;C:\Users\Admin\AppData\Local\Muse Hub\lib;C:\Users\Admin\AppData\Local\Programs\Microsoft VS Code\bin;C:\Program Files\JetBrains\PyCharm 2026.1.2\bin;C:\Users\Admin\AppData\Roaming\npm
USERNAME=Admin
OS=Windows_NT
PROCESSOR_IDENTIFIER=AMD64 Family 23 Model 96 Stepping 1, AuthenticAMD



---------------  S Y S T E M  ---------------

OS:
 Windows 11 , 64 bit Build 26100 (10.0.26100.9168)
OS uptime: 0 days 2:31 hours
Hyper-V role detected

CPU: total 12 (initial active 12) (12 cores per cpu, 2 threads per core) family 23 model 96 stepping 1 microcode 0x8600106, cx8, cmov, fxsr, ht, mmx, 3dnowpref, sse, sse2, sse3, ssse3, sse4a, sse4.1, sse4.2, popcnt, lzcnt, tsc, tscinvbit, avx, avx2, aes, clmul, bmi1, bmi2, adx, sha, fma, vzeroupper, clflush, clflushopt, hv

Memory: 4k page, system-wide physical 15789M (5590M free)
TotalPageFile size 16813M (AvailPageFile size 0M)
current process WorkingSet (physical memory assigned to process): 90M, peak: 100M
current process commit charge ("private bytes"): 169M, peak: 178M

vm_info: Java HotSpot(TM) 64-Bit Server VM (17.0.12+8-LTS-286) for windows-amd64 JRE (17.0.12+8-LTS-286), built on Jun  5 2024 06:46:59 by "mach5one" with MS VC++ 17.6 (VS2022)

END.
